---
source: src/config.rs
expression: config
---
RusticConfig {
    global: GlobalOptions {
        use_profiles: [],
        dry_run: false,
        check_index: false,
        log_level: None,
        log_file: None,
        progress_options: ProgressOptions {
            no_progress: false,
            progress_interval: None,
        },
        hooks: Hooks {
            run_before: [],
            run_after: [],
            run_failed: [],
            run_finally: [],
            context: "",
        },
        env: {},
    },
    repository: AllRepositoryOptions {
        be: BackendOptions {
            repository: None,
            repo_hot: None,
            options: {},
            options_hot: {},
            options_cold: {},
        },
        repo: RepositoryOptions {
            password: None,
            password_file: None,
            password_command: None,
            no_cache: false,
            cache_dir: None,
            warm_up: false,
            warm_up_command: None,
            warm_up_wait: None,
        },
        hooks: Hooks {
            run_before: [],
            run_after: [],
            run_failed: [],
            run_finally: [],
            context: "",
        },
    },
    snapshot_filter: SnapshotFilter {
        filter_hosts: [],
        filter_labels: [],
        filter_paths: [],
        filter_paths_exact: [],
        filter_tags: [],
        filter_tags_exact: [],
        filter_after: None,
        filter_before: None,
        filter_size: None,
        filter_size_added: None,
        filter_fn: None,
    },
    backup: BackupCmd {
        cli_sources: [],
        stdin_filename: "",
        stdin_command: None,
        as_path: None,
        ignore_save_opts: LocalSourceSaveOptions {
            with_atime: false,
            ignore_devid: false,
        },
        no_scan: false,
        json: false,
        long: false,
        quiet: false,
        init: false,
        parent_opts: ParentOptions {
            group_by: None,
            parent: None,
            skip_identical_parent: false,
            force: false,
            ignore_ctime: false,
            ignore_inode: false,
        },
        ignore_filter_opts: LocalSourceFilterOptions {
            globs: [],
            iglobs: [],
            glob_files: [],
            iglob_files: [],
            git_ignore: false,
            no_require_git: false,
            custom_ignorefiles: [],
            exclude_if_present: [],
            one_file_system: false,
            exclude_larger_than: None,
        },
        snap_opts: SnapshotOptions {
            label: None,
            tags: [],
            description: None,
            description_from: None,
            time: None,
            delete_never: false,
            delete_after: None,
            host: None,
            command: None,
        },
        key_opts: KeyOptions {
            hostname: None,
            username: None,
            with_created: false,
        },
        config_opts: ConfigOptions {
            set_compression: None,
            set_version: None,
            set_append_only: None,
            set_treepack_size: None,
            set_treepack_size_limit: None,
            set_treepack_growfactor: None,
            set_datapack_size: None,
            set_datapack_growfactor: None,
            set_datapack_size_limit: None,
            set_min_packsize_tolerate_percent: None,
            set_max_packsize_tolerate_percent: None,
            set_extra_verify: None,
        },
        hooks: Hooks {
            run_before: [],
            run_after: [],
            run_failed: [],
            run_finally: [],
            context: "",
        },
        snapshots: [],
        sources: [],
    },
    copy: CopyCmd {
        ids: [],
        init: false,
        targets: [],
        key_opts: KeyOptions {
            hostname: None,
            username: None,
            with_created: false,
        },
    },
    forget: ForgetOptions {
        group_by: None,
        prune: false,
        filter: SnapshotFilter {
            filter_hosts: [],
            filter_labels: [],
            filter_paths: [],
            filter_paths_exact: [],
            filter_tags: [],
            filter_tags_exact: [],
            filter_after: None,
            filter_before: None,
            filter_size: None,
            filter_size_added: None,
            filter_fn: None,
        },
        keep: KeepOptions {
            keep_tags: [],
            keep_ids: [],
            keep_last: None,
            keep_hourly: None,
            keep_daily: None,
            keep_weekly: None,
            keep_monthly: None,
            keep_quarter_yearly: None,
            keep_half_yearly: None,
            keep_yearly: None,
            keep_within: None,
            keep_within_hourly: None,
            keep_within_daily: None,
            keep_within_weekly: None,
            keep_within_monthly: None,
            keep_within_quarter_yearly: None,
            keep_within_half_yearly: None,
            keep_within_yearly: None,
            keep_none: false,
        },
    },
    mount: None,
    webdav: WebDavCmd {
        address: None,
        path_template: None,
        time_template: None,
        symlinks: false,
        file_access: None,
        snapshot_path: None,
    },
}
